------------------------------------------------------------
Timing Analyzer Summary
------------------------------------------------------------

Type  : Slow 1200mV 85C Model Setup 'sync_sw[0]'
Slack : -58.800
TNS   : -720.386

Type  : Slow 1200mV 85C Model Setup 'CLOCK_50'
Slack : -6.524
TNS   : -1088.762

Type  : Slow 1200mV 85C Model Hold 'CLOCK_50'
Slack : 0.386
TNS   : 0.000

Type  : Slow 1200mV 85C Model Hold 'sync_sw[0]'
Slack : 0.581
TNS   : 0.000

Type  : Slow 1200mV 85C Model Minimum Pulse Width 'CLOCK_50'
Slack : -3.000
TNS   : -322.965

Type  : Slow 1200mV 85C Model Minimum Pulse Width 'sync_sw[0]'
Slack : 0.408
TNS   : 0.000

Type  : Slow 1200mV 0C Model Setup 'sync_sw[0]'
Slack : -52.838
TNS   : -648.837

Type  : Slow 1200mV 0C Model Setup 'CLOCK_50'
Slack : -5.835
TNS   : -970.610

Type  : Slow 1200mV 0C Model Hold 'CLOCK_50'
Slack : 0.338
TNS   : 0.000

Type  : Slow 1200mV 0C Model Hold 'sync_sw[0]'
Slack : 0.444
TNS   : 0.000

Type  : Slow 1200mV 0C Model Minimum Pulse Width 'CLOCK_50'
Slack : -3.000
TNS   : -322.965

Type  : Slow 1200mV 0C Model Minimum Pulse Width 'sync_sw[0]'
Slack : 0.347
TNS   : 0.000

Type  : Fast 1200mV 0C Model Setup 'sync_sw[0]'
Slack : -28.886
TNS   : -348.135

Type  : Fast 1200mV 0C Model Setup 'CLOCK_50'
Slack : -2.817
TNS   : -409.038

Type  : Fast 1200mV 0C Model Hold 'CLOCK_50'
Slack : 0.174
TNS   : 0.000

Type  : Fast 1200mV 0C Model Hold 'sync_sw[0]'
Slack : 0.400
TNS   : 0.000

Type  : Fast 1200mV 0C Model Minimum Pulse Width 'CLOCK_50'
Slack : -3.000
TNS   : -267.116

Type  : Fast 1200mV 0C Model Minimum Pulse Width 'sync_sw[0]'
Slack : 0.295
TNS   : 0.000

------------------------------------------------------------
